  Determining projects to restore...
  Restored C:\work\prtask.com\src\PrTask.SharedUI\PrTask.SharedUI.csproj (in 737 ms).
  Restored C:\work\prtask.com\src\PrTask.Client\PrTask.Client.csproj (in 737 ms).
  Restored C:\work\prtask.com\src\PrTask.Server\PrTask.Server.csproj (in 737 ms).
  Restored C:\work\prtask.com\tests\PrTask.E2E\PrTask.E2E.csproj (in 737 ms).
  Restored C:\work\prtask.com\src\PrTask.Maui\PrTask.Maui.csproj (in 924 ms).
  4 of 9 projects are up-to-date for restore.
C:\work\dotnet\sdk\artifacts\bin\redist\Release\dotnet\sdk\11.0.100-dev\Sdks\Microsoft.NET.Sdk\targets\Microsoft.NET.RuntimeIdentifierInference.targets(383,5): message NETSDK1057: You are using a preview version of .NET. See: https://aka.ms/dotnet-support-policy [C:\work\prtask.com\src\PrTask.Application\PrTask.Application.csproj]
C:\work\dotnet\sdk\artifacts\bin\redist\Release\dotnet\sdk\11.0.100-dev\Sdks\Microsoft.NET.Sdk\targets\Microsoft.NET.RuntimeIdentifierInference.targets(383,5): message NETSDK1057: You are using a preview version of .NET. See: https://aka.ms/dotnet-support-policy [C:\work\prtask.com\src\PrTask.Infrastructure\PrTask.Infrastructure.csproj]
C:\work\dotnet\sdk\artifacts\bin\redist\Release\dotnet\sdk\11.0.100-dev\Sdks\Microsoft.NET.Sdk\targets\Microsoft.NET.RuntimeIdentifierInference.targets(383,5): message NETSDK1057: You are using a preview version of .NET. See: https://aka.ms/dotnet-support-policy [C:\work\prtask.com\tests\PrTask.E2E\PrTask.E2E.csproj]
C:\work\dotnet\sdk\artifacts\bin\redist\Release\dotnet\sdk\11.0.100-dev\Sdks\Microsoft.NET.Sdk\targets\Microsoft.NET.RuntimeIdentifierInference.targets(383,5): message NETSDK1057: You are using a preview version of .NET. See: https://aka.ms/dotnet-support-policy [C:\work\prtask.com\src\PrTask.SharedUI\PrTask.SharedUI.csproj]
C:\work\dotnet\sdk\artifacts\bin\redist\Release\dotnet\sdk\11.0.100-dev\Sdks\Microsoft.NET.Sdk\targets\Microsoft.NET.RuntimeIdentifierInference.targets(383,5): message NETSDK1057: You are using a preview version of .NET. See: https://aka.ms/dotnet-support-policy [C:\work\prtask.com\src\PrTask.Client\PrTask.Client.csproj]
C:\work\dotnet\sdk\artifacts\bin\redist\Release\dotnet\sdk\11.0.100-dev\Sdks\Microsoft.NET.Sdk\targets\Microsoft.NET.RuntimeIdentifierInference.targets(383,5): message NETSDK1057: You are using a preview version of .NET. See: https://aka.ms/dotnet-support-policy [C:\work\prtask.com\src\PrTask.Server\PrTask.Server.csproj]
C:\work\dotnet\sdk\artifacts\bin\redist\Release\dotnet\sdk\11.0.100-dev\Sdks\Microsoft.NET.Sdk\targets\Microsoft.NET.RuntimeIdentifierInference.targets(383,5): message NETSDK1057: You are using a preview version of .NET. See: https://aka.ms/dotnet-support-policy [C:\work\prtask.com\src\PrTask.Domain\PrTask.Domain.csproj]
  PrTask.Domain -> C:\work\prtask.com\src\PrTask.Domain\bin\Release\net10.0\PrTask.Domain.dll
C:\work\dotnet\sdk\artifacts\bin\redist\Release\dotnet\sdk\11.0.100-dev\Sdks\Microsoft.NET.Sdk\targets\Microsoft.NET.RuntimeIdentifierInference.targets(383,5): message NETSDK1057: You are using a preview version of .NET. See: https://aka.ms/dotnet-support-policy [C:\work\prtask.com\src\PrTask.Maui\PrTask.Maui.csproj::TargetFramework=net10.0-android36.0]
  PrTask.Application -> C:\work\prtask.com\src\PrTask.Application\bin\Release\net10.0\PrTask.Application.dll
  PrTask.LowDb -> C:\work\prtask.com\src\PrTask.LowDb\bin\Debug\net10.0\PrTask.LowDb.dll
C:\work\prtask.com\src\PrTask.SharedUI\Pages\BoardDetailPage.razor(7,9): error CS0246: The type or namespace name 'IStringLocalizer<>' could not be found (are you missing a using directive or an assembly reference?) [C:\work\prtask.com\src\PrTask.SharedUI\PrTask.SharedUI.csproj]
C:\work\prtask.com\src\PrTask.SharedUI\Pages\BoardsPage.razor(11,9): error CS0246: The type or namespace name 'IStringLocalizer<>' could not be found (are you missing a using directive or an assembly reference?) [C:\work\prtask.com\src\PrTask.SharedUI\PrTask.SharedUI.csproj]
C:\work\prtask.com\src\PrTask.SharedUI\Pages\NotFoundPage.razor(3,9): error CS0246: The type or namespace name 'IStringLocalizer<>' could not be found (are you missing a using directive or an assembly reference?) [C:\work\prtask.com\src\PrTask.SharedUI\PrTask.SharedUI.csproj]
C:\work\prtask.com\src\PrTask.SharedUI\Components\CookieConsent.razor(3,9): error CS0246: The type or namespace name 'IStringLocalizer<>' could not be found (are you missing a using directive or an assembly reference?) [C:\work\prtask.com\src\PrTask.SharedUI\PrTask.SharedUI.csproj]
C:\work\prtask.com\src\PrTask.SharedUI\Pages\SprintsPage.razor(8,9): error CS0246: The type or namespace name 'IStringLocalizer<>' could not be found (are you missing a using directive or an assembly reference?) [C:\work\prtask.com\src\PrTask.SharedUI\PrTask.SharedUI.csproj]
C:\work\prtask.com\src\PrTask.SharedUI\Pages\SubmitPrPage.razor(10,9): error CS0246: The type or namespace name 'IStringLocalizer<>' could not be found (are you missing a using directive or an assembly reference?) [C:\work\prtask.com\src\PrTask.SharedUI\PrTask.SharedUI.csproj]
C:\work\prtask.com\src\PrTask.Infrastructure\Services\Auth\GoogleOAuthService.cs(16,54): error CS0117: 'GoogleConstants' does not contain a definition for 'ConfigClientId' [C:\work\prtask.com\src\PrTask.Infrastructure\PrTask.Infrastructure.csproj]
C:\work\prtask.com\src\PrTask.Infrastructure\Services\Auth\GoogleOAuthService.cs(33,54): error CS0117: 'GoogleConstants' does not contain a definition for 'ConfigClientId' [C:\work\prtask.com\src\PrTask.Infrastructure\PrTask.Infrastructure.csproj]
C:\work\prtask.com\src\PrTask.Infrastructure\Services\Auth\GoogleOAuthService.cs(34,58): error CS0117: 'GoogleConstants' does not contain a definition for 'ConfigClientSecret' [C:\work\prtask.com\src\PrTask.Infrastructure\PrTask.Infrastructure.csproj]
C:\work\prtask.com\src\PrTask.Infrastructure\Services\Auth\GoogleOAuthService.cs(49,45): error CS0117: 'GoogleConstants' does not contain a definition for 'LogTokenExchangeFailed' [C:\work\prtask.com\src\PrTask.Infrastructure\PrTask.Infrastructure.csproj]
C:\work\prtask.com\src\PrTask.Infrastructure\Services\Auth\GoogleOAuthService.cs(68,45): error CS0117: 'GoogleConstants' does not contain a definition for 'LogUserInfoFailed' [C:\work\prtask.com\src\PrTask.Infrastructure\PrTask.Infrastructure.csproj]
C:\work\prtask.com\src\PrTask.Infrastructure\Services\Auth\GoogleOAuthService.cs(82,49): error CS0117: 'GoogleConstants' does not contain a definition for 'TokenInfoUrl' [C:\work\prtask.com\src\PrTask.Infrastructure\PrTask.Infrastructure.csproj]
C:\work\prtask.com\src\PrTask.Infrastructure\Services\Auth\GoogleOAuthService.cs(82,93): error CS0117: 'GoogleConstants' does not contain a definition for 'TokenInfoQueryFormat' [C:\work\prtask.com\src\PrTask.Infrastructure\PrTask.Infrastructure.csproj]
C:\work\prtask.com\src\PrTask.Infrastructure\Services\Auth\GoogleOAuthService.cs(89,62): error CS0117: 'GoogleConstants' does not contain a definition for 'ConfigClientId' [C:\work\prtask.com\src\PrTask.Infrastructure\PrTask.Infrastructure.csproj]
C:\work\prtask.com\src\PrTask.Infrastructure\Services\InvoiceService.cs(21,105): error CS0117: 'MayaConstants' does not contain a definition for 'InvoiceIdProperty' [C:\work\prtask.com\src\PrTask.Infrastructure\PrTask.Infrastructure.csproj]
C:\work\prtask.com\src\PrTask.Infrastructure\Services\InvoiceService.cs(22,102): error CS0117: 'MayaConstants' does not contain a definition for 'InvoiceUrlProperty' [C:\work\prtask.com\src\PrTask.Infrastructure\PrTask.Infrastructure.csproj]
C:\work\prtask.com\src\PrTask.Infrastructure\Services\MayaConnectService.cs(11,52): error CS0117: 'MayaConstants' does not contain a definition for 'ConfigConnectClientId' [C:\work\prtask.com\src\PrTask.Infrastructure\PrTask.Infrastructure.csproj]
C:\work\prtask.com\src\PrTask.Infrastructure\Services\MayaConnectService.cs(23,61): error CS0117: 'MayaConstants' does not contain a definition for 'ConnectTokenPath' [C:\work\prtask.com\src\PrTask.Infrastructure\PrTask.Infrastructure.csproj]
C:\work\prtask.com\src\PrTask.Infrastructure\Services\MayaConnectService.cs(31,61): error CS0117: 'MayaConstants' does not contain a definition for 'ConnectTokenPath' [C:\work\prtask.com\src\PrTask.Infrastructure\PrTask.Infrastructure.csproj]
C:\work\prtask.com\src\PrTask.Infrastructure\Services\P3PaymentService.cs(21,92): error CS0117: 'MayaConstants' does not contain a definition for 'TransactionRefNoProperty' [C:\work\prtask.com\src\PrTask.Infrastructure\PrTask.Infrastructure.csproj]
C:\work\prtask.com\src\PrTask.Infrastructure\Services\MayaConnectService.cs(37,98): error CS0117: 'MayaConstants' does not contain a definition for 'BearerScheme' [C:\work\prtask.com\src\PrTask.Infrastructure\PrTask.Infrastructure.csproj]
C:\work\prtask.com\src\PrTask.Infrastructure\Services\MayaConnectService.cs(38,60): error CS0117: 'MayaConstants' does not contain a definition for 'ConnectUserInfoPath' [C:\work\prtask.com\src\PrTask.Infrastructure\PrTask.Infrastructure.csproj]
C:\work\prtask.com\src\PrTask.Infrastructure\Services\MayaConnectService.cs(44,60): error CS0117: 'MayaConstants' does not contain a definition for 'ConnectJwkPath' [C:\work\prtask.com\src\PrTask.Infrastructure\PrTask.Infrastructure.csproj]
C:\work\prtask.com\src\PrTask.Infrastructure\Services\P3PaymentService.cs(33,92): error CS0117: 'MayaConstants' does not contain a definition for 'TransactionRefNoProperty' [C:\work\prtask.com\src\PrTask.Infrastructure\PrTask.Infrastructure.csproj]
C:\work\prtask.com\src\PrTask.Infrastructure\Services\MayaConnectService.cs(50,52): error CS0117: 'MayaConstants' does not contain a definition for 'ConfigConnectClientId' [C:\work\prtask.com\src\PrTask.Infrastructure\PrTask.Infrastructure.csproj]
C:\work\prtask.com\src\PrTask.Infrastructure\Services\MayaConnectService.cs(51,56): error CS0117: 'MayaConstants' does not contain a definition for 'ConfigConnectClientSecret' [C:\work\prtask.com\src\PrTask.Infrastructure\PrTask.Infrastructure.csproj]
C:\work\prtask.com\src\PrTask.Infrastructure\Services\PaymentService.cs(15,38): error CS1739: The best overload for 'ApplyMayaAuthHeaders' does not have a parameter named 'UsesSecretKey' [C:\work\prtask.com\src\PrTask.Infrastructure\PrTask.Infrastructure.csproj]
C:\work\prtask.com\src\PrTask.Infrastructure\Services\QrPaymentService.cs(21,92): error CS0117: 'MayaConstants' does not contain a definition for 'QrDataProperty' [C:\work\prtask.com\src\PrTask.Infrastructure\PrTask.Infrastructure.csproj]
C:\work\prtask.com\src\PrTask.Infrastructure\Services\PaymentService.Vault.cs(88,15): error CS0103: The name 'RecordService' does not exist in the current context [C:\work\prtask.com\src\PrTask.Infrastructure\PrTask.Infrastructure.csproj]
C:\work\prtask.com\src\PrTask.Infrastructure\Services\P3PaymentService.cs(156,92): error CS0117: 'MayaConstants' does not contain a definition for 'TransactionRefNoProperty' [C:\work\prtask.com\src\PrTask.Infrastructure\PrTask.Infrastructure.csproj]
C:\work\prtask.com\src\PrTask.Infrastructure\Services\PaymentRecordService.cs(61,27): error CS0117: 'MayaConstants' does not contain a definition for 'StatusPaymentSuccess' [C:\work\prtask.com\src\PrTask.Infrastructure\PrTask.Infrastructure.csproj]
C:\work\prtask.com\src\PrTask.Infrastructure\Services\PaymentRecordService.cs(61,65): error CS0117: 'MayaConstants' does not contain a definition for 'StatusCaptured' [C:\work\prtask.com\src\PrTask.Infrastructure\PrTask.Infrastructure.csproj]
C:\work\prtask.com\src\PrTask.Infrastructure\Services\PaymentRecordService.cs(62,27): error CS0117: 'MayaConstants' does not contain a definition for 'StatusPaymentFailed' [C:\work\prtask.com\src\PrTask.Infrastructure\PrTask.Infrastructure.csproj]
C:\work\prtask.com\src\PrTask.Infrastructure\Services\PaymentRecordService.cs(62,64): error CS0117: 'MayaConstants' does not contain a definition for 'StatusAuthFailed' [C:\work\prtask.com\src\PrTask.Infrastructure\PrTask.Infrastructure.csproj]
C:\work\prtask.com\src\PrTask.Infrastructure\Services\PaymentRecordService.cs(64,27): error CS0117: 'MayaConstants' does not contain a definition for 'StatusPaymentProcessing' [C:\work\prtask.com\src\PrTask.Infrastructure\PrTask.Infrastructure.csproj]
C:\work\prtask.com\src\PrTask.Infrastructure\Services\PaymentRecordService.cs(64,68): error CS0117: 'MayaConstants' does not contain a definition for 'StatusAuthenticating' [C:\work\prtask.com\src\PrTask.Infrastructure\PrTask.Infrastructure.csproj]
C:\work\prtask.com\src\PrTask.Infrastructure\Services\PaymentRecordService.cs(65,34): error CS0117: 'MayaConstants' does not contain a definition for 'StatusForAuthentication' [C:\work\prtask.com\src\PrTask.Infrastructure\PrTask.Infrastructure.csproj]
C:\work\prtask.com\src\PrTask.Infrastructure\Services\SubscriptionService.cs(26,110): error CS0117: 'MayaConstants' does not contain a definition for 'SubscriptionIdProperty' [C:\work\prtask.com\src\PrTask.Infrastructure\PrTask.Infrastructure.csproj]
C:\work\prtask.com\src\PrTask.Infrastructure\Services\DisbursementService.cs(15,66): error CS0117: 'MayaConstants' does not contain a definition for 'DisbursementSessionEndpoint' [C:\work\prtask.com\src\PrTask.Infrastructure\PrTask.Infrastructure.csproj]
C:\work\prtask.com\src\PrTask.Infrastructure\Services\DisbursementService.cs(20,66): error CS0117: 'MayaConstants' does not contain a definition for 'SessionTokenProperty' [C:\work\prtask.com\src\PrTask.Infrastructure\PrTask.Infrastructure.csproj]
C:\work\prtask.com\src\PrTask.Infrastructure\Services\DisbursementService.cs(30,63): error CS0117: 'MayaConstants' does not contain a definition for 'DisbursementSessionEndpoint' [C:\work\prtask.com\src\PrTask.Infrastructure\PrTask.Infrastructure.csproj]
C:\work\prtask.com\src\PrTask.Infrastructure\Services\DisbursementService.cs(40,60): error CS0117: 'MayaConstants' does not contain a definition for 'DisbursementWalletEndpoint' [C:\work\prtask.com\src\PrTask.Infrastructure\PrTask.Infrastructure.csproj]
C:\work\prtask.com\src\PrTask.Infrastructure\Services\DisbursementService.cs(47,66): error CS0117: 'MayaConstants' does not contain a definition for 'DisbursementBeneficiariesEndpoint' [C:\work\prtask.com\src\PrTask.Infrastructure\PrTask.Infrastructure.csproj]
C:\work\prtask.com\src\PrTask.Infrastructure\Services\DisbursementService.cs(78,102): error CS0117: 'MayaConstants' does not contain a definition for 'BearerScheme' [C:\work\prtask.com\src\PrTask.Infrastructure\PrTask.Infrastructure.csproj]
C:\work\prtask.com\src\PrTask.Infrastructure\ServiceRegistration.cs(17,54): error IDE0053: Use expression body for lambda expression (https://learn.microsoft.com/dotnet/fundamentals/code-analysis/style-rules/ide0053) [C:\work\prtask.com\src\PrTask.Infrastructure\PrTask.Infrastructure.csproj]
C:\work\prtask.com\src\PrTask.Infrastructure\ServiceRegistration.cs(18,9): error RCS1021: Use expression-bodied lambda (https://josefpihrt.github.io/docs/roslynator/analyzers/RCS1021) [C:\work\prtask.com\src\PrTask.Infrastructure\PrTask.Infrastructure.csproj]
C:\work\prtask.com\src\PrTask.Infrastructure\Services\PaymentService.cs(57,63): error IDE1006: Naming rule violation: These words must begin with upper case characters: usesSecretKey (https://learn.microsoft.com/dotnet/fundamentals/code-analysis/style-rules/ide1006) [C:\work\prtask.com\src\PrTask.Infrastructure\PrTask.Infrastructure.csproj]

Build FAILED.

C:\work\prtask.com\src\PrTask.SharedUI\Pages\BoardDetailPage.razor(7,9): error CS0246: The type or namespace name 'IStringLocalizer<>' could not be found (are you missing a using directive or an assembly reference?) [C:\work\prtask.com\src\PrTask.SharedUI\PrTask.SharedUI.csproj]
C:\work\prtask.com\src\PrTask.SharedUI\Pages\BoardsPage.razor(11,9): error CS0246: The type or namespace name 'IStringLocalizer<>' could not be found (are you missing a using directive or an assembly reference?) [C:\work\prtask.com\src\PrTask.SharedUI\PrTask.SharedUI.csproj]
C:\work\prtask.com\src\PrTask.SharedUI\Pages\NotFoundPage.razor(3,9): error CS0246: The type or namespace name 'IStringLocalizer<>' could not be found (are you missing a using directive or an assembly reference?) [C:\work\prtask.com\src\PrTask.SharedUI\PrTask.SharedUI.csproj]
C:\work\prtask.com\src\PrTask.SharedUI\Components\CookieConsent.razor(3,9): error CS0246: The type or namespace name 'IStringLocalizer<>' could not be found (are you missing a using directive or an assembly reference?) [C:\work\prtask.com\src\PrTask.SharedUI\PrTask.SharedUI.csproj]
C:\work\prtask.com\src\PrTask.SharedUI\Pages\SprintsPage.razor(8,9): error CS0246: The type or namespace name 'IStringLocalizer<>' could not be found (are you missing a using directive or an assembly reference?) [C:\work\prtask.com\src\PrTask.SharedUI\PrTask.SharedUI.csproj]
C:\work\prtask.com\src\PrTask.SharedUI\Pages\SubmitPrPage.razor(10,9): error CS0246: The type or namespace name 'IStringLocalizer<>' could not be found (are you missing a using directive or an assembly reference?) [C:\work\prtask.com\src\PrTask.SharedUI\PrTask.SharedUI.csproj]
C:\work\prtask.com\src\PrTask.Infrastructure\Services\Auth\GoogleOAuthService.cs(16,54): error CS0117: 'GoogleConstants' does not contain a definition for 'ConfigClientId' [C:\work\prtask.com\src\PrTask.Infrastructure\PrTask.Infrastructure.csproj]
C:\work\prtask.com\src\PrTask.Infrastructure\Services\Auth\GoogleOAuthService.cs(33,54): error CS0117: 'GoogleConstants' does not contain a definition for 'ConfigClientId' [C:\work\prtask.com\src\PrTask.Infrastructure\PrTask.Infrastructure.csproj]
C:\work\prtask.com\src\PrTask.Infrastructure\Services\Auth\GoogleOAuthService.cs(34,58): error CS0117: 'GoogleConstants' does not contain a definition for 'ConfigClientSecret' [C:\work\prtask.com\src\PrTask.Infrastructure\PrTask.Infrastructure.csproj]
C:\work\prtask.com\src\PrTask.Infrastructure\Services\Auth\GoogleOAuthService.cs(49,45): error CS0117: 'GoogleConstants' does not contain a definition for 'LogTokenExchangeFailed' [C:\work\prtask.com\src\PrTask.Infrastructure\PrTask.Infrastructure.csproj]
C:\work\prtask.com\src\PrTask.Infrastructure\Services\Auth\GoogleOAuthService.cs(68,45): error CS0117: 'GoogleConstants' does not contain a definition for 'LogUserInfoFailed' [C:\work\prtask.com\src\PrTask.Infrastructure\PrTask.Infrastructure.csproj]
C:\work\prtask.com\src\PrTask.Infrastructure\Services\Auth\GoogleOAuthService.cs(82,49): error CS0117: 'GoogleConstants' does not contain a definition for 'TokenInfoUrl' [C:\work\prtask.com\src\PrTask.Infrastructure\PrTask.Infrastructure.csproj]
C:\work\prtask.com\src\PrTask.Infrastructure\Services\Auth\GoogleOAuthService.cs(82,93): error CS0117: 'GoogleConstants' does not contain a definition for 'TokenInfoQueryFormat' [C:\work\prtask.com\src\PrTask.Infrastructure\PrTask.Infrastructure.csproj]
C:\work\prtask.com\src\PrTask.Infrastructure\Services\Auth\GoogleOAuthService.cs(89,62): error CS0117: 'GoogleConstants' does not contain a definition for 'ConfigClientId' [C:\work\prtask.com\src\PrTask.Infrastructure\PrTask.Infrastructure.csproj]
C:\work\prtask.com\src\PrTask.Infrastructure\Services\InvoiceService.cs(21,105): error CS0117: 'MayaConstants' does not contain a definition for 'InvoiceIdProperty' [C:\work\prtask.com\src\PrTask.Infrastructure\PrTask.Infrastructure.csproj]
C:\work\prtask.com\src\PrTask.Infrastructure\Services\InvoiceService.cs(22,102): error CS0117: 'MayaConstants' does not contain a definition for 'InvoiceUrlProperty' [C:\work\prtask.com\src\PrTask.Infrastructure\PrTask.Infrastructure.csproj]
C:\work\prtask.com\src\PrTask.Infrastructure\Services\MayaConnectService.cs(11,52): error CS0117: 'MayaConstants' does not contain a definition for 'ConfigConnectClientId' [C:\work\prtask.com\src\PrTask.Infrastructure\PrTask.Infrastructure.csproj]
C:\work\prtask.com\src\PrTask.Infrastructure\Services\MayaConnectService.cs(23,61): error CS0117: 'MayaConstants' does not contain a definition for 'ConnectTokenPath' [C:\work\prtask.com\src\PrTask.Infrastructure\PrTask.Infrastructure.csproj]
C:\work\prtask.com\src\PrTask.Infrastructure\Services\MayaConnectService.cs(31,61): error CS0117: 'MayaConstants' does not contain a definition for 'ConnectTokenPath' [C:\work\prtask.com\src\PrTask.Infrastructure\PrTask.Infrastructure.csproj]
C:\work\prtask.com\src\PrTask.Infrastructure\Services\P3PaymentService.cs(21,92): error CS0117: 'MayaConstants' does not contain a definition for 'TransactionRefNoProperty' [C:\work\prtask.com\src\PrTask.Infrastructure\PrTask.Infrastructure.csproj]
C:\work\prtask.com\src\PrTask.Infrastructure\Services\MayaConnectService.cs(37,98): error CS0117: 'MayaConstants' does not contain a definition for 'BearerScheme' [C:\work\prtask.com\src\PrTask.Infrastructure\PrTask.Infrastructure.csproj]
C:\work\prtask.com\src\PrTask.Infrastructure\Services\MayaConnectService.cs(38,60): error CS0117: 'MayaConstants' does not contain a definition for 'ConnectUserInfoPath' [C:\work\prtask.com\src\PrTask.Infrastructure\PrTask.Infrastructure.csproj]
C:\work\prtask.com\src\PrTask.Infrastructure\Services\MayaConnectService.cs(44,60): error CS0117: 'MayaConstants' does not contain a definition for 'ConnectJwkPath' [C:\work\prtask.com\src\PrTask.Infrastructure\PrTask.Infrastructure.csproj]
C:\work\prtask.com\src\PrTask.Infrastructure\Services\P3PaymentService.cs(33,92): error CS0117: 'MayaConstants' does not contain a definition for 'TransactionRefNoProperty' [C:\work\prtask.com\src\PrTask.Infrastructure\PrTask.Infrastructure.csproj]
C:\work\prtask.com\src\PrTask.Infrastructure\Services\MayaConnectService.cs(50,52): error CS0117: 'MayaConstants' does not contain a definition for 'ConfigConnectClientId' [C:\work\prtask.com\src\PrTask.Infrastructure\PrTask.Infrastructure.csproj]
C:\work\prtask.com\src\PrTask.Infrastructure\Services\MayaConnectService.cs(51,56): error CS0117: 'MayaConstants' does not contain a definition for 'ConfigConnectClientSecret' [C:\work\prtask.com\src\PrTask.Infrastructure\PrTask.Infrastructure.csproj]
C:\work\prtask.com\src\PrTask.Infrastructure\Services\PaymentService.cs(15,38): error CS1739: The best overload for 'ApplyMayaAuthHeaders' does not have a parameter named 'UsesSecretKey' [C:\work\prtask.com\src\PrTask.Infrastructure\PrTask.Infrastructure.csproj]
C:\work\prtask.com\src\PrTask.Infrastructure\Services\QrPaymentService.cs(21,92): error CS0117: 'MayaConstants' does not contain a definition for 'QrDataProperty' [C:\work\prtask.com\src\PrTask.Infrastructure\PrTask.Infrastructure.csproj]
C:\work\prtask.com\src\PrTask.Infrastructure\Services\PaymentService.Vault.cs(88,15): error CS0103: The name 'RecordService' does not exist in the current context [C:\work\prtask.com\src\PrTask.Infrastructure\PrTask.Infrastructure.csproj]
C:\work\prtask.com\src\PrTask.Infrastructure\Services\P3PaymentService.cs(156,92): error CS0117: 'MayaConstants' does not contain a definition for 'TransactionRefNoProperty' [C:\work\prtask.com\src\PrTask.Infrastructure\PrTask.Infrastructure.csproj]
C:\work\prtask.com\src\PrTask.Infrastructure\Services\PaymentRecordService.cs(61,27): error CS0117: 'MayaConstants' does not contain a definition for 'StatusPaymentSuccess' [C:\work\prtask.com\src\PrTask.Infrastructure\PrTask.Infrastructure.csproj]
C:\work\prtask.com\src\PrTask.Infrastructure\Services\PaymentRecordService.cs(61,65): error CS0117: 'MayaConstants' does not contain a definition for 'StatusCaptured' [C:\work\prtask.com\src\PrTask.Infrastructure\PrTask.Infrastructure.csproj]
C:\work\prtask.com\src\PrTask.Infrastructure\Services\PaymentRecordService.cs(62,27): error CS0117: 'MayaConstants' does not contain a definition for 'StatusPaymentFailed' [C:\work\prtask.com\src\PrTask.Infrastructure\PrTask.Infrastructure.csproj]
C:\work\prtask.com\src\PrTask.Infrastructure\Services\PaymentRecordService.cs(62,64): error CS0117: 'MayaConstants' does not contain a definition for 'StatusAuthFailed' [C:\work\prtask.com\src\PrTask.Infrastructure\PrTask.Infrastructure.csproj]
C:\work\prtask.com\src\PrTask.Infrastructure\Services\PaymentRecordService.cs(64,27): error CS0117: 'MayaConstants' does not contain a definition for 'StatusPaymentProcessing' [C:\work\prtask.com\src\PrTask.Infrastructure\PrTask.Infrastructure.csproj]
C:\work\prtask.com\src\PrTask.Infrastructure\Services\PaymentRecordService.cs(64,68): error CS0117: 'MayaConstants' does not contain a definition for 'StatusAuthenticating' [C:\work\prtask.com\src\PrTask.Infrastructure\PrTask.Infrastructure.csproj]
C:\work\prtask.com\src\PrTask.Infrastructure\Services\PaymentRecordService.cs(65,34): error CS0117: 'MayaConstants' does not contain a definition for 'StatusForAuthentication' [C:\work\prtask.com\src\PrTask.Infrastructure\PrTask.Infrastructure.csproj]
C:\work\prtask.com\src\PrTask.Infrastructure\Services\SubscriptionService.cs(26,110): error CS0117: 'MayaConstants' does not contain a definition for 'SubscriptionIdProperty' [C:\work\prtask.com\src\PrTask.Infrastructure\PrTask.Infrastructure.csproj]
C:\work\prtask.com\src\PrTask.Infrastructure\Services\DisbursementService.cs(15,66): error CS0117: 'MayaConstants' does not contain a definition for 'DisbursementSessionEndpoint' [C:\work\prtask.com\src\PrTask.Infrastructure\PrTask.Infrastructure.csproj]
C:\work\prtask.com\src\PrTask.Infrastructure\Services\DisbursementService.cs(20,66): error CS0117: 'MayaConstants' does not contain a definition for 'SessionTokenProperty' [C:\work\prtask.com\src\PrTask.Infrastructure\PrTask.Infrastructure.csproj]
C:\work\prtask.com\src\PrTask.Infrastructure\Services\DisbursementService.cs(30,63): error CS0117: 'MayaConstants' does not contain a definition for 'DisbursementSessionEndpoint' [C:\work\prtask.com\src\PrTask.Infrastructure\PrTask.Infrastructure.csproj]
C:\work\prtask.com\src\PrTask.Infrastructure\Services\DisbursementService.cs(40,60): error CS0117: 'MayaConstants' does not contain a definition for 'DisbursementWalletEndpoint' [C:\work\prtask.com\src\PrTask.Infrastructure\PrTask.Infrastructure.csproj]
C:\work\prtask.com\src\PrTask.Infrastructure\Services\DisbursementService.cs(47,66): error CS0117: 'MayaConstants' does not contain a definition for 'DisbursementBeneficiariesEndpoint' [C:\work\prtask.com\src\PrTask.Infrastructure\PrTask.Infrastructure.csproj]
C:\work\prtask.com\src\PrTask.Infrastructure\Services\DisbursementService.cs(78,102): error CS0117: 'MayaConstants' does not contain a definition for 'BearerScheme' [C:\work\prtask.com\src\PrTask.Infrastructure\PrTask.Infrastructure.csproj]
C:\work\prtask.com\src\PrTask.Infrastructure\ServiceRegistration.cs(17,54): error IDE0053: Use expression body for lambda expression (https://learn.microsoft.com/dotnet/fundamentals/code-analysis/style-rules/ide0053) [C:\work\prtask.com\src\PrTask.Infrastructure\PrTask.Infrastructure.csproj]
C:\work\prtask.com\src\PrTask.Infrastructure\ServiceRegistration.cs(18,9): error RCS1021: Use expression-bodied lambda (https://josefpihrt.github.io/docs/roslynator/analyzers/RCS1021) [C:\work\prtask.com\src\PrTask.Infrastructure\PrTask.Infrastructure.csproj]
C:\work\prtask.com\src\PrTask.Infrastructure\Services\PaymentService.cs(57,63): error IDE1006: Naming rule violation: These words must begin with upper case characters: usesSecretKey (https://learn.microsoft.com/dotnet/fundamentals/code-analysis/style-rules/ide1006) [C:\work\prtask.com\src\PrTask.Infrastructure\PrTask.Infrastructure.csproj]
    0 Warning(s)
    47 Error(s)

Time Elapsed 00:00:10.18

