    80→C:\work\prtask.com\src\PrTask.Git\GitDiff.cs(206,21): error RCS1201: Use method chaining (https://josefpihrt.github.io/docs/roslynator/analyzers/RCS1201) [C:\work\prtask.com\src\PrTask.Git\PrTask.Git.csproj]
    81→C:\work\prtask.com\src\PrTask.Git\GitDiff.cs(209,35): error RCS1197: Optimize StringBuilder.AppendLine call (https://josefpihrt.github.io/docs/roslynator/analyzers/RCS1197) [C:\work\prtask.com\src\PrTask.Git\PrTask.Git.csproj]
    82→C:\work\prtask.com\src\PrTask.Git\GitDiff.cs(213,35): error RCS1197: Optimize StringBuilder.AppendLine call (https://josefpihrt.github.io/docs/roslynator/analyzers/RCS1197) [C:\work\prtask.com\src\PrTask.Git\PrTask.Git.csproj]
    83→C:\work\prtask.com\src\PrTask.Git\GitDiff.cs(213,21): error RCS1201: Use method chaining (https://josefpihrt.github.io/docs/roslynator/analyzers/RCS1201) [C:\work\prtask.com\src\PrTask.Git\PrTask.Git.csproj]
    84→C:\work\prtask.com\src\PrTask.Git\GitDiff.cs(215,35): error RCS1197: Optimize StringBuilder.AppendLine call (https://josefpihrt.github.io/docs/roslynator/analyzers/RCS1197) [C:\work\prtask.com\src\PrTask.Git\PrTask.Git.csproj]
    85→C:\work\prtask.com\src\PrTask.Git\GitDiff.cs(220,35): error RCS1197: Optimize StringBuilder.AppendLine call (https://josefpihrt.github.io/docs/roslynator/analyzers/RCS1197) [C:\work\prtask.com\src\PrTask.Git\PrTask.Git.csproj]
    86→C:\work\prtask.com\src\PrTask.Git\GitDiff.cs(220,21): error RCS1201: Use method chaining (https://josefpihrt.github.io/docs/roslynator/analyzers/RCS1201) [C:\work\prtask.com\src\PrTask.Git\PrTask.Git.csproj]
    87→C:\work\prtask.com\src\PrTask.Git\GitDiff.cs(221,35): error RCS1197: Optimize StringBuilder.AppendLine call (https://josefpihrt.github.io/docs/roslynator/analyzers/RCS1197) [C:\work\prtask.com\src\PrTask.Git\PrTask.Git.csproj]
    88→C:\work\prtask.com\src\PrTask.Git\GitDiff.cs(222,35): error RCS1197: Optimize StringBuilder.AppendLine call (https://josefpihrt.github.io/docs/roslynator/analyzers/RCS1197) [C:\work\prtask.com\src\PrTask.Git\PrTask.Git.csproj]
    89→C:\work\prtask.com\src\PrTask.Git\GitDiff.cs(237,35): error RCS1197: Optimize StringBuilder.AppendLine call (https://josefpihrt.github.io/docs/roslynator/analyzers/RCS1197) [C:\work\prtask.com\src\PrTask.Git\PrTask.Git.csproj]
    90→C:\work\prtask.com\src\PrTask.Git\GitPack.cs(27,13): error IDE0059: Unnecessary assignment of a value to 'Version' (https://learn.microsoft.com/dotnet/fundamentals/code-analysis/style-rules/ide0059) [C:\work\prtask.com\src\PrTask.Git\PrTask.Git.csproj]
    91→C:\work\prtask.com\src\PrTask.Git\GitDiff.cs(231,44): error IDE0072: Populate switch (https://learn.microsoft.com/dotnet/fundamentals/code-analysis/style-rules/ide0072) [C:\work\prtask.com\src\PrTask.Git\PrTask.Git.csproj]
    92→C:\work\prtask.com\src\PrTask.Git\GitDiff.cs(206,21): error MA0028: Replace with AppendFormat().AppendLine() (https://github.com/meziantou/Meziantou.Analyzer/blob/main/docs/Rules/MA0028.md) [C:\work\prtask.com\src\PrTask.Git\PrTask.Git.csproj]
    93→C:\work\prtask.com\src\PrTask.Git\GitDiff.cs(209,21): error MA0028: Replace with AppendFormat().AppendLine() (https://github.com/meziantou/Meziantou.Analyzer/blob/main/docs/Rules/MA0028.md) [C:\work\prtask.com\src\PrTask.Git\PrTask.Git.csproj]
    94→C:\work\prtask.com\src\PrTask.Git\GitDiff.cs(213,21): error MA0028: Replace with AppendFormat().AppendLine() (https://github.com/meziantou/Meziantou.Analyzer/blob/main/docs/Rules/MA0028.md) [C:\work\prtask.com\src\PrTask.Git\PrTask.Git.csproj]
    95→C:\work\prtask.com\src\PrTask.Git\GitDiff.cs(215,21): error MA0028: Replace with AppendFormat().AppendLine() (https://github.com/meziantou/Meziantou.Analyzer/blob/main/docs/Rules/MA0028.md) [C:\work\prtask.com\src\PrTask.Git\PrTask.Git.csproj]
    96→C:\work\prtask.com\src\PrTask.Git\GitDiff.cs(220,21): error MA0028: Replace with AppendFormat().AppendLine() (https://github.com/meziantou/Meziantou.Analyzer/blob/main/docs/Rules/MA0028.md) [C:\work\prtask.com\src\PrTask.Git\PrTask.Git.csproj]
    97→C:\work\prtask.com\src\PrTask.Git\GitDiff.cs(221,21): error MA0028: Replace with AppendFormat().AppendLine() (https://github.com/meziantou/Meziantou.Analyzer/blob/main/docs/Rules/MA0028.md) [C:\work\prtask.com\src\PrTask.Git\PrTask.Git.csproj]
    98→C:\work\prtask.com\src\PrTask.Git\GitDiff.cs(222,21): error MA0028: Replace with AppendFormat().AppendLine() (https://github.com/meziantou/Meziantou.Analyzer/blob/main/docs/Rules/MA0028.md) [C:\work\prtask.com\src\PrTask.Git\PrTask.Git.csproj]
    99→C:\work\prtask.com\src\PrTask.Git\GitDiff.cs(237,21): error MA0028: Replace with AppendFormat().AppendLine() (https://github.com/meziantou/Meziantou.Analyzer/blob/main/docs/Rules/MA0028.md) [C:\work\prtask.com\src\PrTask.Git\PrTask.Git.csproj]
   100→C:\work\prtask.com\src\PrTask.Git\GitObjects.cs(114,38): error CA1002: Change 'List<GitTreeEntry>' in 'GitObjects.ParseTree(byte[])' to use 'Collection<T>', 'ReadOnlyCollection<T>' or 'KeyedCollection<K,V>' (https://learn.microsoft.com/dotnet/fundamentals/code-analysis/quality-rules/ca1002) [C:\work\prtask.com\src\PrTask.Git\PrTask.Git.csproj]
   101→C:\work\prtask.com\src\PrTask.Git\GitObjects.cs(114,19): error MA0016: Prefer using collection abstraction instead of implementation (https://github.com/meziantou/Meziantou.Analyzer/blob/main/docs/Rules/MA0016.md) [C:\work\prtask.com\src\PrTask.Git\PrTask.Git.csproj]
   102→C:\work\prtask.com\src\PrTask.Git\GitPack.cs(43,19): error MA0016: Prefer using collection abstraction instead of implementation (https://github.com/meziantou/Meziantou.Analyzer/blob/main/docs/Rules/MA0016.md) [C:\work\prtask.com\src\PrTask.Git\PrTask.Git.csproj]
   103→C:\work\prtask.com\src\PrTask.Git\GitPack.cs(64,9): error RCS1118: Mark local variable as const (https://josefpihrt.github.io/docs/roslynator/analyzers/RCS1118) [C:\work\prtask.com\src\PrTask.Git\PrTask.Git.csproj]
   104→C:\work\prtask.com\src\PrTask.Git\GitDiff.cs(271,20): error IDE0028: Collection initialization can be simplified (https://learn.microsoft.com/dotnet/fundamentals/code-analysis/style-rules/ide0028) [C:\work\prtask.com\src\PrTask.Git\PrTask.Git.csproj]
   105→C:\work\prtask.com\src\PrTask.Git\GitPack.cs(92,25): error IDE0059: Unnecessary assignment of a value to 'High' (https://learn.microsoft.com/dotnet/fundamentals/code-analysis/style-rules/ide0059) [C:\work\prtask.com\src\PrTask.Git\PrTask.Git.csproj]
   106→C:\work\prtask.com\src\PrTask.Git\GitRepository.cs(22,9): error IDE0046: 'if' statement can be simplified (https://learn.microsoft.com/dotnet/fundamentals/code-analysis/style-rules/ide0046) [C:\work\prtask.com\src\PrTask.Git\PrTask.Git.csproj]
   107→C:\work\prtask.com\src\PrTask.Git\GitPack.cs(182,55): error CA1002: Change 'List<GitRawObject>' in 'GitPack.WritePack(List<GitRawObject>)' to use 'Collection<T>', 'ReadOnlyCollection<T>' or 'KeyedCollection<K,V>' (https://learn.microsoft.com/dotnet/fundamentals/code-analysis/quality-rules/ca1002) [C:\work\prtask.com\src\PrTask.Git\PrTask.Git.csproj]
   108→C:\work\prtask.com\src\PrTask.Git\GitPack.cs(182,36): error MA0016: Prefer using collection abstraction instead of implementation (https://github.com/meziantou/Meziantou.Analyzer/blob/main/docs/Rules/MA0016.md) [C:\work\prtask.com\src\PrTask.Git\PrTask.Git.csproj]
   109→C:\work\prtask.com\src\PrTask.Git\GitIndex.cs(141,13): error IDE0059: Unnecessary assignment of a value to 'Version' (https://learn.microsoft.com/dotnet/fundamentals/code-analysis/style-rules/ide0059) [C:\work\prtask.com\src\PrTask.Git\PrTask.Git.csproj]
   110→C:\work\prtask.com\src\PrTask.Git\GitIndex.cs(160,17): error IDE0059: Unnecessary assignment of a value to 'Gid' (https://learn.microsoft.com/dotnet/fundamentals/code-analysis/style-rules/ide0059) [C:\work\prtask.com\src\PrTask.Git\PrTask.Git.csproj]
   111→C:\work\prtask.com\src\PrTask.Git\GitIndex.cs(156,17): error IDE0059: Unnecessary assignment of a value to 'Dev' (https://learn.microsoft.com/dotnet/fundamentals/code-analysis/style-rules/ide0059) [C:\work\prtask.com\src\PrTask.Git\PrTask.Git.csproj]
   112→C:\work\prtask.com\src\PrTask.Git\GitIndex.cs(157,17): error IDE0059: Unnecessary assignment of a value to 'Ino' (https://learn.microsoft.com/dotnet/fundamentals/code-analysis/style-rules/ide0059) [C:\work\prtask.com\src\PrTask.Git\PrTask.Git.csproj]
   113→C:\work\prtask.com\src\PrTask.Git\GitIndex.cs(152,17): error IDE0059: Unnecessary assignment of a value to 'CtimeSec' (https://learn.microsoft.com/dotnet/fundamentals/code-analysis/style-rules/ide0059) [C:\work\prtask.com\src\PrTask.Git\PrTask.Git.csproj]
   114→C:\work\prtask.com\src\PrTask.Git\GitIndex.cs(153,17): error IDE0059: Unnecessary assignment of a value to 'CtimeNsec' (https://learn.microsoft.com/dotnet/fundamentals/code-analysis/style-rules/ide0059) [C:\work\prtask.com\src\PrTask.Git\PrTask.Git.csproj]
   115→C:\work\prtask.com\src\PrTask.Git\GitIndex.cs(168,17): error IDE0059: Unnecessary assignment of a value to 'NameLength' (https://learn.microsoft.com/dotnet/fundamentals/code-analysis/style-rules/ide0059) [C:\work\prtask.com\src\PrTask.Git\PrTask.Git.csproj]
   116→C:\work\prtask.com\src\PrTask.Git\GitIndex.cs(159,17): error IDE0059: Unnecessary assignment of a value to 'Uid' (https://learn.microsoft.com/dotnet/fundamentals/code-analysis/style-rules/ide0059) [C:\work\prtask.com\src\PrTask.Git\PrTask.Git.csproj]
   117→C:\work\prtask.com\src\PrTask.Git\GitIndex.cs(155,17): error IDE0059: Unnecessary assignment of a value to 'MtimeNsec' (https://learn.microsoft.com/dotnet/fundamentals/code-analysis/style-rules/ide0059) [C:\work\prtask.com\src\PrTask.Git\PrTask.Git.csproj]
   118→C:\work\prtask.com\src\PrTask.Git\GitPack.cs(196,24): error CA5350: WritePack uses a weak cryptographic algorithm SHA1 (https://learn.microsoft.com/dotnet/fundamentals/code-analysis/quality-rules/ca5350) [C:\work\prtask.com\src\PrTask.Git\PrTask.Git.csproj]
   119→C:\work\prtask.com\src\PrTask.Git\GitObjects.cs(210,40): error IDE0305: Collection initialization can be simplified (https://learn.microsoft.com/dotnet/fundamentals/code-analysis/style-rules/ide0305) [C:\work\prtask.com\src\PrTask.Git\PrTask.Git.csproj]
   120→C:\work\prtask.com\src\PrTask.Git\GitIndex.cs(238,24): error CA5350: Save uses a weak cryptographic algorithm SHA1 (https://learn.microsoft.com/dotnet/fundamentals/code-analysis/quality-rules/ca5350) [C:\work\prtask.com\src\PrTask.Git\PrTask.Git.csproj]
   121→C:\work\prtask.com\src\PrTask.Git\GitRepository.cs(73,9): error IDE0046: 'if' statement can be simplified (https://learn.microsoft.com/dotnet/fundamentals/code-analysis/style-rules/ide0046) [C:\work\prtask.com\src\PrTask.Git\PrTask.Git.csproj]
   122→C:\work\prtask.com\src\PrTask.Git\GitPack.cs(220,32): error RCS1235: Optimize 'string.Compare' call (https://josefpihrt.github.io/docs/roslynator/analyzers/RCS1235) [C:\work\prtask.com\src\PrTask.Git\PrTask.Git.csproj]
   123→C:\work\prtask.com\src\PrTask.Git\GitDiff.cs(426,47): error IDE0078: Use pattern matching (https://learn.microsoft.com/dotnet/fundamentals/code-analysis/style-rules/ide0078) [C:\work\prtask.com\src\PrTask.Git\PrTask.Git.csproj]
   124→C:\work\prtask.com\src\PrTask.Git\GitDiff.cs(427,47): error IDE0078: Use pattern matching (https://learn.microsoft.com/dotnet/fundamentals/code-analysis/style-rules/ide0078) [C:\work\prtask.com\src\PrTask.Git\PrTask.Git.csproj]
   125→C:\work\prtask.com\src\PrTask.Git\GitRepository.cs(108,9): error IDE0046: 'if' statement can be simplified (https://learn.microsoft.com/dotnet/fundamentals/code-analysis/style-rules/ide0046) [C:\work\prtask.com\src\PrTask.Git\PrTask.Git.csproj]
   126→C:\work\prtask.com\src\PrTask.Git\GitPack.cs(258,28): error CA5350: WriteIndex uses a weak cryptographic algorithm SHA1 (https://learn.microsoft.com/dotnet/fundamentals/code-analysis/quality-rules/ca5350) [C:\work\prtask.com\src\PrTask.Git\PrTask.Git.csproj]
   127→C:\work\prtask.com\src\PrTask.Git\GitPack.cs(262,27): error CA5350: WriteIndex uses a weak cryptographic algorithm SHA1 (https://learn.microsoft.com/dotnet/fundamentals/code-analysis/quality-rules/ca5350) [C:\work\prtask.com\src\PrTask.Git\PrTask.Git.csproj]
   128→C:\work\prtask.com\src\PrTask.Git\GitRepository.cs(136,9): error IDE0031: Null check can be simplified (https://learn.microsoft.com/dotnet/fundamentals/code-analysis/style-rules/ide0031) [C:\work\prtask.com\src\PrTask.Git\PrTask.Git.csproj]
   129→C:\work\prtask.com\src\PrTask.Git\GitRepository.cs(144,31): error CA1002: Change 'List<GitTreeEntry>' in 'GitRepository.GetTree(string)' to use 'Collection<T>', 'ReadOnlyCollection<T>' or 'KeyedCollection<K,V>' (https://learn.microsoft.com/dotnet/fundamentals/code-analysis/quality-rules/ca1002) [C:\work\prtask.com\src\PrTask.Git\PrTask.Git.csproj]
   130→C:\work\prtask.com\src\PrTask.Git\GitRepository.cs(144,12): error MA0016: Prefer using collection abstraction instead of implementation (https://github.com/meziantou/Meziantou.Analyzer/blob/main/docs/Rules/MA0016.md) [C:\work\prtask.com\src\PrTask.Git\PrTask.Git.csproj]
   131→C:\work\prtask.com\src\PrTask.Git\GitRepository.cs(147,9): error IDE0046: 'if' statement can be simplified (https://learn.microsoft.com/dotnet/fundamentals/code-analysis/style-rules/ide0046) [C:\work\prtask.com\src\PrTask.Git\PrTask.Git.csproj]
   132→C:\work\prtask.com\src\PrTask.Git\GitPack.cs(303,13): error IDE0046: 'if' statement can be simplified (https://learn.microsoft.com/dotnet/fundamentals/code-analysis/style-rules/ide0046) [C:\work\prtask.com\src\PrTask.Git\PrTask.Git.csproj]
   133→C:\work\prtask.com\src\PrTask.Git\GitPack.cs(328,13): error IDE0046: 'if' statement can be simplified (https://learn.microsoft.com/dotnet/fundamentals/code-analysis/style-rules/ide0046) [C:\work\prtask.com\src\PrTask.Git\PrTask.Git.csproj]
   134→C:\work\prtask.com\src\PrTask.Git\GitPack.cs(342,9): error IDE0046: 'if' statement can be simplified (https://learn.microsoft.com/dotnet/fundamentals/code-analysis/style-rules/ide0046) [C:\work\prtask.com\src\PrTask.Git\PrTask.Git.csproj]
   135→C:\work\prtask.com\src\PrTask.Git\GitRepository.cs(149,20): error IDE0028: Collection initialization can be simplified (https://learn.microsoft.com/dotnet/fundamentals/code-analysis/style-rules/ide0028) [C:\work\prtask.com\src\PrTask.Git\PrTask.Git.csproj]
   136→C:\work\prtask.com\src\PrTask.Git\GitDiff.cs(12,12): error IDE0290: Use primary constructor (https://learn.microsoft.com/dotnet/fundamentals/code-analysis/style-rules/ide0290) [C:\work\prtask.com\src\PrTask.Git\PrTask.Git.csproj]
   137→C:\work\prtask.com\src\PrTask.Git\GitPack.cs(301,17): error IDE0059: Unnecessary assignment of a value to 'DeltaOffset' (https://learn.microsoft.com/dotnet/fundamentals/code-analysis/style-rules/ide0059) [C:\work\prtask.com\src\PrTask.Git\PrTask.Git.csproj]
   138→C:\work\prtask.com\src\PrTask.Git\GitRemote.cs(20,32): error CA1002: Change 'List<GitRemoteInfo>' in 'GitRemote.ListRemotes()' to use 'Collection<T>', 'ReadOnlyCollection<T>' or 'KeyedCollection<K,V>' (https://learn.microsoft.com/dotnet/fundamentals/code-analysis/quality-rules/ca1002) [C:\work\prtask.com\src\PrTask.Git\PrTask.Git.csproj]
   139→C:\work\prtask.com\src\PrTask.Git\GitRemote.cs(20,12): error MA0016: Prefer using collection abstraction instead of implementation (https://github.com/meziantou/Meziantou.Analyzer/blob/main/docs/Rules/MA0016.md) [C:\work\prtask.com\src\PrTask.Git\PrTask.Git.csproj]
   140→C:\work\prtask.com\src\PrTask.Git\GitRepository.cs(206,77): error IDE0305: Collection initialization can be simplified (https://learn.microsoft.com/dotnet/fundamentals/code-analysis/style-rules/ide0305) [C:\work\prtask.com\src\PrTask.Git\PrTask.Git.csproj]
   141→C:\work\prtask.com\src\PrTask.Git\GitRepository.cs(206,88): error IDE0028: Collection initialization can be simplified (https://learn.microsoft.com/dotnet/fundamentals/code-analysis/style-rules/ide0028) [C:\work\prtask.com\src\PrTask.Git\PrTask.Git.csproj]
   142→C:\work\prtask.com\src\PrTask.Git\GitRemote.cs(103,77): error IDE0305: Collection initialization can be simplified (https://learn.microsoft.com/dotnet/fundamentals/code-analysis/style-rules/ide0305) [C:\work\prtask.com\src\PrTask.Git\PrTask.Git.csproj]
   143→C:\work\prtask.com\src\PrTask.Git\GitRemote.cs(103,88): error IDE0028: Collection initialization can be simplified (https://learn.microsoft.com/dotnet/fundamentals/code-analysis/style-rules/ide0028) [C:\work\prtask.com\src\PrTask.Git\PrTask.Git.csproj]
   144→C:\work\prtask.com\src\PrTask.Git\GitRemote.cs(154,18): error MA0016: Prefer using collection abstraction instead of implementation (https://github.com/meziantou/Meziantou.Analyzer/blob/main/docs/Rules/MA0016.md) [C:\work\prtask.com\src\PrTask.Git\PrTask.Git.csproj]
   145→C:\work\prtask.com\src\PrTask.Git\GitRemote.cs(179,17): error IDE0078: Use pattern matching (https://learn.microsoft.com/dotnet/fundamentals/code-analysis/style-rules/ide0078) [C:\work\prtask.com\src\PrTask.Git\PrTask.Git.csproj]
   146→C:\work\prtask.com\src\PrTask.Git\GitRemote.cs(206,9): error IDE0270: Null check can be simplified (https://learn.microsoft.com/dotnet/fundamentals/code-analysis/style-rules/ide0270) [C:\work\prtask.com\src\PrTask.Git\PrTask.Git.csproj]
   147→C:\work\prtask.com\src\PrTask.Git\GitRemote.cs(246,9): error IDE0270: Null check can be simplified (https://learn.microsoft.com/dotnet/fundamentals/code-analysis/style-rules/ide0270) [C:\work\prtask.com\src\PrTask.Git\PrTask.Git.csproj]
   148→C:\work\prtask.com\src\PrTask.Git\GitCommit.cs(29,46): error IDE0300: Collection initialization can be simplified (https://learn.microsoft.com/dotnet/fundamentals/code-analysis/style-rules/ide0300) [C:\work\prtask.com\src\PrTask.Git\PrTask.Git.csproj]
   149→C:\work\prtask.com\src\PrTask.Git\GitCommit.cs(29,46): error IDE0300: Collection initialization can be simplified (https://learn.microsoft.com/dotnet/fundamentals/code-analysis/style-rules/ide0300) [C:\work\prtask.com\src\PrTask.Git\PrTask.Git.csproj]
   150→C:\work\prtask.com\src\PrTask.Git\GitCommit.cs(29,73): error IDE0301: Collection initialization can be simplified (https://learn.microsoft.com/dotnet/fundamentals/code-analysis/style-rules/ide0301) [C:\work\prtask.com\src\PrTask.Git\PrTask.Git.csproj]
   151→C:\work\prtask.com\src\PrTask.Git\GitCommit.cs(12,12): error IDE0290: Use primary constructor (https://learn.microsoft.com/dotnet/fundamentals/code-analysis/style-rules/ide0290) [C:\work\prtask.com\src\PrTask.Git\PrTask.Git.csproj]
   152→C:\work\prtask.com\src\PrTask.Git\GitRemote.cs(15,12): error IDE0290: Use primary constructor (https://learn.microsoft.com/dotnet/fundamentals/code-analysis/style-rules/ide0290) [C:\work\prtask.com\src\PrTask.Git\PrTask.Git.csproj]
   153→
   154→Build FAILED.
   155→
   156→C:\work\prtask.com\src\PrTask.Git\GitPack.cs(231,37): error CS0652: Comparison to integral constant is useless; the constant is outside the range of type 'byte' [C:\work\prtask.com\src\PrTask.Git\PrTask.Git.csproj]
   157→C:\work\prtask.com\src\PrTask.Git\GitPack.cs(362,21): error CS0675: Bitwise-or operator used on a sign-extended operand; consider casting to a smaller unsigned type first [C:\work\prtask.com\src\PrTask.Git\PrTask.Git.csproj]
   158→C:\work\prtask.com\src\PrTask.Git\GitPack.cs(408,33): error CS0675: Bitwise-or operator used on a sign-extended operand; consider casting to a smaller unsigned type first [C:\work\prtask.com\src\PrTask.Git\PrTask.Git.csproj]
   159→C:\work\prtask.com\src\PrTask.Git\GitIndex.cs(12,52): error IDE0028: Collection initialization can be simplified (https://learn.microsoft.com/dotnet/fundamentals/code-analysis/style-rules/ide0028) [C:\work\prtask.com\src\PrTask.Git\PrTask.Git.csproj]
   160→C:\work\prtask.com\src\PrTask.Git\Models\GitDiffEntry.cs(14,13): error RCS1161: Enum should declare explicit values (https://josefpihrt.github.io/docs/roslynator/analyzers/RCS1161) [C:\work\prtask.com\src\PrTask.Git\PrTask.Git.csproj]
   161→C:\work\prtask.com\src\PrTask.Git\Models\GitDiffEntry.cs(11,30): error CA2227: Change 'Hunks' to be read-only by removing the property setter (https://learn.microsoft.com/dotnet/fundamentals/code-analysis/quality-rules/ca2227) [C:\work\prtask.com\src\PrTask.Git\PrTask.Git.csproj]
   162→C:\work\prtask.com\src\PrTask.Git\Models\GitDiffEntry.cs(11,30): error CA1002: Change 'List<GitDiffHunk>' in 'GitDiffEntry.Hunks' to use 'Collection<T>', 'ReadOnlyCollection<T>' or 'KeyedCollection<K,V>' (https://learn.microsoft.com/dotnet/fundamentals/code-analysis/quality-rules/ca1002) [C:\work\prtask.com\src\PrTask.Git\PrTask.Git.csproj]
   163→C:\work\prtask.com\src\PrTask.Git\Models\GitDiffEntry.cs(11,12): error MA0016: Prefer using collection abstraction instead of implementation (https://github.com/meziantou/Meziantou.Analyzer/blob/main/docs/Rules/MA0016.md) [C:\work\prtask.com\src\PrTask.Git\PrTask.Git.csproj]
   164→C:\work\prtask.com\src\PrTask.Git\Models\GitDiffEntry.cs(11,52): error IDE0028: Collection initialization can be simplified (https://learn.microsoft.com/dotnet/fundamentals/code-analysis/style-rules/ide0028) [C:\work\prtask.com\src\PrTask.Git\PrTask.Git.csproj]
   165→C:\work\prtask.com\src\PrTask.Git\Models\GitDiffEntry.cs(39,13): error RCS1161: Enum should declare explicit values (https://josefpihrt.github.io/docs/roslynator/analyzers/RCS1161) [C:\work\prtask.com\src\PrTask.Git\PrTask.Git.csproj]
   166→C:\work\prtask.com\src\PrTask.Git\Models\GitDiffEntry.cs(30,30): error CA2227: Change 'Lines' to be read-only by removing the property setter (https://learn.microsoft.com/dotnet/fundamentals/code-analysis/quality-rules/ca2227) [C:\work\prtask.com\src\PrTask.Git\PrTask.Git.csproj]
   167→C:\work\prtask.com\src\PrTask.Git\Models\GitDiffEntry.cs(30,30): error CA1002: Change 'List<GitDiffLine>' in 'GitDiffHunk.Lines' to use 'Collection<T>', 'ReadOnlyCollection<T>' or 'KeyedCollection<K,V>' (https://learn.microsoft.com/dotnet/fundamentals/code-analysis/quality-rules/ca1002) [C:\work\prtask.com\src\PrTask.Git\PrTask.Git.csproj]
   168→C:\work\prtask.com\src\PrTask.Git\Models\GitDiffEntry.cs(30,12): error MA0016: Prefer using collection abstraction instead of implementation (https://github.com/meziantou/Meziantou.Analyzer/blob/main/docs/Rules/MA0016.md) [C:\work\prtask.com\src\PrTask.Git\PrTask.Git.csproj]
   169→C:\work\prtask.com\src\PrTask.Git\Models\GitDiffEntry.cs(30,52): error IDE0028: Collection initialization can be simplified (https://learn.microsoft.com/dotnet/fundamentals/code-analysis/style-rules/ide0028) [C:\work\prtask.com\src\PrTask.Git\PrTask.Git.csproj]
   170→C:\work\prtask.com\src\PrTask.Git\Models\GitObjectType.cs(4,13): error CA1008: Add a member to GitObjectType that has a value of zero with a suggested name of 'None' (https://learn.microsoft.com/dotnet/fundamentals/code-analysis/quality-rules/ca1008) [C:\work\prtask.com\src\PrTask.Git\PrTask.Git.csproj]
   171→C:\work\prtask.com\src\PrTask.Git\GitDiff.cs(1,1): error PT003: File has 431 lines, maximum is 300 [C:\work\prtask.com\src\PrTask.Git\PrTask.Git.csproj]
   172→C:\work\prtask.com\src\PrTask.Git\Models\GitTree.cs(9,31): error CA2227: Change 'Entries' to be read-only by removing the property setter (https://learn.microsoft.com/dotnet/fundamentals/code-analysis/quality-rules/ca2227) [C:\work\prtask.com\src\PrTask.Git\PrTask.Git.csproj]
   173→C:\work\prtask.com\src\PrTask.Git\Models\GitTree.cs(9,31): error CA1002: Change 'List<GitTreeEntry>' in 'GitTree.Entries' to use 'Collection<T>', 'ReadOnlyCollection<T>' or 'KeyedCollection<K,V>' (https://learn.microsoft.com/dotnet/fundamentals/code-analysis/quality-rules/ca1002) [C:\work\prtask.com\src\PrTask.Git\PrTask.Git.csproj]
   174→C:\work\prtask.com\src\PrTask.Git\Models\GitTree.cs(9,12): error MA0016: Prefer using collection abstraction instead of implementation (https://github.com/meziantou/Meziantou.Analyzer/blob/main/docs/Rules/MA0016.md) [C:\work\prtask.com\src\PrTask.Git\PrTask.Git.csproj]
   175→C:\work\prtask.com\src\PrTask.Git\Models\GitTree.cs(9,55): error IDE0028: Collection initialization can be simplified (https://learn.microsoft.com/dotnet/fundamentals/code-analysis/style-rules/ide0028) [C:\work\prtask.com\src\PrTask.Git\PrTask.Git.csproj]
   176→C:\work\prtask.com\src\PrTask.Git\GitPack.cs(539,21): error SA1402: File may only contain a single type (https://github.com/DotNetAnalyzers/StyleCopAnalyzers/blob/master/documentation/SA1402.md) [C:\work\prtask.com\src\PrTask.Git\PrTask.Git.csproj]
   177→C:\work\prtask.com\src\PrTask.Git\GitPack.cs(1,1): error PT003: File has 546 lines, maximum is 300 [C:\work\prtask.com\src\PrTask.Git\PrTask.Git.csproj]
   178→C:\work\prtask.com\src\PrTask.Git\GitRemote.cs(1,1): error PT003: File has 346 lines, maximum is 300 [C:\work\prtask.com\src\PrTask.Git\PrTask.Git.csproj]
   179→C:\work\prtask.com\src\PrTask.Git\Models\GitBranchInfo.cs(13,21): error SA1402: File may only contain a single type (https://github.com/DotNetAnalyzers/StyleCopAnalyzers/blob/master/documentation/SA1402.md) [C:\work\prtask.com\src\PrTask.Git\PrTask.Git.csproj]